// Vitest Snapshot v1, https://vitest.dev/guide/snapshot.html

exports[`cross-fetch > bundles the original package 1`] = `"302.34KB"`;

exports[`cross-fetch > unfills it 1`] = `"134B"`;

exports[`node-fetch > bundles the original package 1`] = `"89.83KB"`;

exports[`node-fetch > unfills it 1`] = `"134B"`;
